
> guzel-invest-website@0.1.0 build
> prisma generate && node scripts/prisma-baseline.mjs && prisma migrate deploy && next build

warn The configuration property `package.json#prisma` is deprecated and will be removed in Prisma 7. Please migrate to a Prisma config file (e.g., `prisma.config.ts`).
For more information, see: https://pris.ly/prisma-config

Loaded Prisma config from prisma.config.ts.

warn The Prisma config file in prisma.config.ts overrides the deprecated `package.json#prisma` property in package.json.
  For more information, see: https://pris.ly/prisma-config

Prisma config detected, skipping environment variable loading.
Prisma schema loaded from prisma/schema.prisma

✔ Generated Prisma Client (v6.19.2) to ./src/generated/prisma in 135ms

Start by importing your Prisma Client (See: https://pris.ly/d/importing-client)

Tip: Interested in query caching in just a few lines of code? Try Accelerate today! https://pris.ly/tip-3-accelerate

🔍 Checking baseline for 7 migration(s)...
🔍 Checking baseline specifically for '00000000000000_baseline'...
✅ "00000000000000_baseline" is already tracked, skipping.
✅ Baseline check complete.
warn The configuration property `package.json#prisma` is deprecated and will be removed in Prisma 7. Please migrate to a Prisma config file (e.g., `prisma.config.ts`).
For more information, see: https://pris.ly/prisma-config

Loaded Prisma config from prisma.config.ts.

warn The Prisma config file in prisma.config.ts overrides the deprecated `package.json#prisma` property in package.json.
  For more information, see: https://pris.ly/prisma-config

Prisma config detected, skipping environment variable loading.
Prisma schema loaded from prisma/schema.prisma
Datasource "db": PostgreSQL database "guzel_invest", schema "public" at "localhost:5434"

7 migrations found in prisma/migrations


No pending migrations to apply.
▲ Next.js 16.1.6 (Turbopack)
- Environments: .env
- Experiments (use with caution):
  · serverActions

⚠ The "middleware" file convention is deprecated. Please use "proxy" instead. Learn more: https://nextjs.org/docs/messages/middleware-to-proxy
  Creating an optimized production build ...
✓ Compiled successfully in 4.9s
  Running TypeScript ...
  Collecting page data using 9 workers ...
  Generating static pages using 9 workers (0/55) ...
  Generating static pages using 9 workers (13/55) 
  Generating static pages using 9 workers (27/55) 
  Generating static pages using 9 workers (41/55) 
✓ Generating static pages using 9 workers (55/55) in 476.3ms
  Finalizing page optimization ...

Route (app)
┌ ○ /_not-found
├ ƒ /[locale]
├ ƒ /[locale]/blog
├ ƒ /[locale]/blog/[slug]
├ ƒ /[locale]/hakkimizda
├ ƒ /[locale]/harita
├ ƒ /[locale]/hizmetler/[slug]
├ ƒ /[locale]/ilan/[slug]
├ ƒ /[locale]/iletisim
├ ƒ /[locale]/normalized-21st
├ ƒ /[locale]/portfoy
├ ƒ /[locale]/proje/[slug]
├ ƒ /[locale]/projeler
├ ƒ /[locale]/ux-guide
├ ○ /1
├ ○ /10
├ ○ /2
├ ○ /3
├ ○ /4
├ ○ /5
├ ○ /6
├ ○ /7
├ ○ /8
├ ○ /9
├ ƒ /admin
├ ƒ /admin/ana-sayfa
├ ○ /admin/export
├ ƒ /admin/formlar
├ ƒ /admin/formlar/[id]
├ ƒ /admin/ilanlar
├ ƒ /admin/ilanlar/[id]
├ ƒ /admin/ilanlar/yeni
├ ƒ /admin/kullanicilar
├ ○ /admin/login
├ ƒ /admin/makaleler
├ ƒ /admin/makaleler/[id]
├ ƒ /admin/makaleler/yeni
├ ƒ /admin/projeler
├ ƒ /admin/projeler/[id]
├ ƒ /admin/projeler/slug/[slug]
├ ƒ /admin/projeler/yeni
├ ƒ /api/admin/ai/parse-listing
├ ƒ /api/admin/ai/translate-listing
├ ƒ /api/admin/articles
├ ƒ /api/admin/articles/[id]
├ ƒ /api/admin/articles/[id]/status
├ ƒ /api/admin/articles/media
├ ƒ /api/admin/company-options
├ ƒ /api/admin/company-options/[id]
├ ƒ /api/admin/export
├ ƒ /api/admin/feedback/threads
├ ƒ /api/admin/feedback/threads/[id]
├ ƒ /api/admin/feedback/threads/[id]/messages
├ ƒ /api/admin/homepage
├ ƒ /api/admin/import
├ ƒ /api/admin/listings
├ ƒ /api/admin/listings/[id]
├ ƒ /api/admin/listings/[id]/homepage-hero
├ ƒ /api/admin/listings/[id]/media
├ ƒ /api/admin/listings/[id]/status
├ ƒ /api/admin/locations
├ ƒ /api/admin/maps/resolve
├ ƒ /api/admin/projects
├ ƒ /api/admin/projects/[id]
├ ƒ /api/admin/projects/[id]/documents
├ ƒ /api/admin/projects/[id]/homepage-carousel
├ ƒ /api/admin/tags
├ ƒ /api/admin/tags/[id]
├ ƒ /api/admin/users
├ ƒ /api/admin/users/[id]
├ ƒ /api/auth/login
├ ƒ /api/auth/logout
├ ƒ /api/auth/me
├ ƒ /api/public/articles
├ ƒ /api/public/articles/[slug]
├ ƒ /api/public/exchange-rate
├ ƒ /api/public/homepage/settings
├ ƒ /api/public/listing-forms
├ ƒ /api/public/listings
├ ƒ /api/public/listings/[slug]
├ ƒ /api/public/listings/homepage-hero
├ ƒ /api/public/locations
├ ƒ /api/public/project-forms
├ ƒ /api/public/projects
├ ƒ /api/public/projects/[slug]
├ ○ /p1
├ ○ /p10
├ ○ /p2
├ ○ /p3
├ ○ /p4
├ ○ /p5
├ ○ /p6
├ ○ /p7
├ ○ /p8
├ ○ /p9
├ ƒ /s1
├ ƒ /s2
├ ƒ /s3
├ ƒ /s4
└ ƒ /s5


ƒ Proxy (Middleware)

○  (Static)   prerendered as static content
ƒ  (Dynamic)  server-rendered on demand

